// Jest Snapshot v1, https://goo.gl/fbAQLP

exports[`Form component renders Form 1`] = `
<DocumentFragment>
  <form>
    <input
      placeholder="Sequence"
      type="text"
      value=""
    />
    <button>
      Find protein
    </button>
  </form>
</DocumentFragment>
`;
