// Jest Snapshot v1, https://goo.gl/fbAQLP

exports[`Rating component renders Results list 1`] = `
<DocumentFragment>
  <div>
    <div />
    <div />
  </div>
</DocumentFragment>
`;
